// 同步 ID: 35d64d17 @ Wed Jul  8 08:31:39 UTC 2026
// 同步 ID: b7946ac1 @ Wed Jul  8 13:34:43 UTC 2026
// 重构日志: a423f707
// 重构日志: 830a7ad1
// 重构日志: 1361b3a4
// 重构日志: cf94f49b
// 重构日志: 742db0b6
// 同步 ID: 07c68327 @ Wed Jul 15 07:32:13 UTC 2026
// 同步 ID: 98b9f5a0 @ Wed Jul 15 13:32:04 UTC 2026
// 重构日志: 7730096b
// 同步 ID: a604bd4b @ Sat Jul 18 11:03:29 UTC 2026
// 重构日志: 47f13b48
// 重构日志: 19209139
// 同步 ID: 4f47e53b @ Thu Jul 23 16:25:02 UTC 2026
// 重构日志: a22a2aa0
// 重构日志: 5ca42b99
// 重构日志: c2ffd8d7
// 重构日志: 2e161765
// 重构日志: 4aae338a
// 同步 ID: 49a9e2cf @ Sun Aug  2 13:31:54 UTC 2026
// 重构日志: d53c8347
// 重构日志: c0dce11c
// 重构日志: bfdaa899
// 重构日志: 3a33ee75
// 重构日志: e5ea361e
// 同步 ID: 3b1964d7 @ Wed Aug  5 10:23:59 UTC 2026
// 重构日志: fd1682dc
// 重构日志: 3d99b406
// 重构日志: 67d43a5f
// 同步 ID: cc99d71c @ Thu Aug  6 05:16:36 UTC 2026
// 重构日志: 25ad6a02
// 重构日志: cfc2c03e
